[2026-02-18T12:35:07.795Z] GET /emp
[2026-02-18T12:36:29.349Z] POST /emp?enrollmentNumber=2315000&name=Dilip%20Kumar%20Sisodiya&position=Software%20Dev&salary=50000
[2026-02-18T12:38:29.308Z] POST /emp
[2026-02-18T12:38:47.501Z] GET /emp
[2026-02-18T12:39:03.180Z] PUT /emp/2315000762
[2026-02-18T12:39:11.830Z] DELETE /emp/2315000763
[2026-02-18T12:39:20.620Z] GET /emp
[2026-02-18T12:39:29.084Z] POST /emp
[2026-02-18T12:39:32.667Z] POST /emp
[2026-02-18T12:39:54.362Z] GET /emp
[2026-02-18T14:49:34.015Z] POST /emp
[2026-02-18T14:49:40.950Z] GET /emp
[2026-02-18T14:50:06.796Z] PUT /emp/2315000546
[2026-02-18T14:50:13.601Z] DELETE /emp/2315000546
[2026-02-18T14:50:25.041Z] GET /emp
[2026-02-18T15:18:44.057Z] GET /
[2026-02-18T15:21:35.746Z] GET /
[2026-02-18T15:22:46.055Z] GET /
[2026-02-18T15:22:54.496Z] POST /create
[2026-02-18T15:22:54.528Z] GET /
[2026-02-18T15:23:05.305Z] POST /edit/2315000456
[2026-02-18T15:23:05.327Z] GET /
[2026-02-18T15:23:50.285Z] GET /
[2026-02-18T15:23:52.985Z] GET /delete/2315000456
[2026-02-18T15:23:53.001Z] GET /
[2026-02-18T15:28:35.859Z] GET /
[2026-02-18T15:28:50.160Z] POST /create
[2026-02-18T15:28:50.179Z] GET /
[2026-02-18T15:28:52.428Z] GET /
[2026-02-18T15:28:58.572Z] GET /
[2026-02-18T15:29:12.449Z] POST /edit/2315000763
[2026-02-18T15:29:12.470Z] GET /
[2026-02-18T15:29:54.004Z] GET /
[2026-02-18T15:30:10.614Z] GET /
[2026-02-18T15:30:18.194Z] GET /
[2026-02-18T15:30:29.061Z] GET /
[2026-02-18T15:30:33.791Z] GET /
[2026-02-18T15:32:04.325Z] GET /
[2026-02-18T15:32:32.384Z] GET /
[2026-02-18T15:32:37.508Z] GET /delete/2315000456
[2026-02-18T15:32:37.524Z] GET /
[2026-02-18T15:33:55.732Z] GET /
[2026-02-18T15:46:01.282Z] GET /
[2026-02-18T15:46:22.537Z] GET /
[2026-02-18T15:46:29.347Z] GET /delete/2315000763
[2026-02-18T15:46:29.363Z] GET /
[2026-02-18T15:46:38.618Z] POST /edit/2315021035
[2026-02-18T15:46:38.638Z] GET /
[2026-02-18T15:46:44.069Z] GET /
[2026-02-18T15:48:21.096Z] GET /
[2026-02-18T15:50:32.044Z] GET /
[2026-02-18T15:50:54.681Z] GET /
[2026-02-18T15:51:48.522Z] GET /
[2026-02-18T15:52:48.240Z] GET /
[2026-02-18T15:54:38.758Z] GET /
[2026-02-18T15:55:21.204Z] GET /
[2026-02-18T15:56:14.962Z] POST /edit/2315021001
[2026-02-18T15:56:14.986Z] GET /
[2026-02-18T15:56:31.484Z] POST /edit/2315021002
[2026-02-18T15:56:31.505Z] GET /
[2026-02-18T15:56:47.932Z] GET /delete/2315021004
[2026-02-18T15:56:47.946Z] GET /
[2026-02-18T15:58:48.119Z] POST /create
[2026-02-18T15:58:48.154Z] GET /
[2026-02-18T17:46:38.709Z] GET /
[2026-02-19T02:53:45.839Z] GET /
[2026-02-19T02:54:04.341Z] GET /delete/2315021001
[2026-02-19T02:54:04.393Z] GET /
[2026-02-19T02:54:05.143Z] GET /delete/2315021002
[2026-02-19T02:54:05.162Z] GET /
[2026-02-19T02:54:05.478Z] GET /delete/2315021003
[2026-02-19T02:54:05.496Z] GET /
[2026-02-19T02:56:42.363Z] GET /
[2026-02-19T02:56:52.802Z] GET /delete/98978564
[2026-02-19T02:56:52.823Z] GET /
[2026-02-19T03:05:53.472Z] GET /
[2026-02-19T03:17:57.798Z] GET /
[2026-02-19T03:20:23.011Z] GET /
[2026-02-19T03:21:45.946Z] GET /
[2026-02-19T03:23:01.963Z] POST /create
[2026-02-19T03:23:01.991Z] GET /
[2026-02-19T19:21:17.776Z] GET /
[2026-02-19T19:21:32.046Z] GET /
[2026-02-19T19:23:09.357Z] POST /create
[2026-02-19T19:23:09.394Z] GET /
[2026-02-19T19:23:18.814Z] GET /delete/2315645
[2026-02-19T19:23:18.837Z] GET /
[2026-02-19T19:23:41.901Z] GET /
[2026-02-20T08:34:44.815Z] GET /
[2026-02-20T08:40:34.132Z] GET /
[2026-02-20T08:44:52.323Z] GET /
[2026-02-20T08:45:11.535Z] POST /create
[2026-02-20T08:45:44.276Z] POST /create
[2026-02-20T08:45:44.317Z] GET /
[2026-02-20T08:57:18.800Z] GET /
[2026-02-20T08:57:26.663Z] GET /
[2026-02-20T09:00:22.159Z] GET /
[2026-02-20T09:02:22.479Z] GET /
[2026-02-20T09:06:25.465Z] POST /create
[2026-02-20T09:06:25.503Z] GET /
[2026-02-20T09:07:56.017Z] GET /
[2026-02-20T09:11:29.690Z] GET /
[2026-02-20T09:11:44.419Z] POST /create
[2026-02-20T09:11:44.431Z] GET /
[2026-02-20T09:11:54.972Z] POST /edit/2315000788
[2026-02-20T09:11:55.004Z] GET /
[2026-02-20T09:12:10.781Z] GET /
[2026-02-20T09:13:19.104Z] POST /edit/2315000788
[2026-02-20T09:13:19.121Z] GET /
[2026-02-20T09:13:29.423Z] POST /edit/2315000788
[2026-02-20T09:13:29.435Z] GET /
[2026-02-20T09:20:46.212Z] GET /
[2026-02-20T09:24:43.798Z] GET /delete/23150008149
[2026-02-20T09:24:43.820Z] GET /
[2026-02-20T09:25:47.951Z] GET /
[2026-02-20T09:27:32.120Z] GET /
